str1: Hello
str2: World
concat: Hello World
length of 'Hello': 5
length of empty: 0
trim: 'Hello, World!'
uppercase:   HELLO, WORLD!  
lowercase:   hello, world!  
word[0]: G
word[2]: n
substring(4, 9): quick
substring(10): brown fox
'abc' < 'def': true
'hello' == 'hello': true
split by comma: ["apple" "banana" "orange"]
interpolation: Welcome to Gene v1!