person: {"name" "Alice" "age" 30 "city" "New York"}
name: Alice
age: 30
host: localhost
port: 8080
keys: ["name" "age" "city"]
values: ["Alice" 30 "New York"]
has name: true
has email: false
after adding email: {"name" "Alice" "age" 30 "city" "New York" "email" "alice@example.com"}
nested access: 123
deep nested: Software developer